// Jest Snapshot v1, https://goo.gl/fbAQLP

exports[`App component matches the snapshot 1`] = `
<div>
  <div
    class="description"
  >
    <h1>
      SHOP
    </h1>
  </div>
  <ul>
    <li>
      Monitor
       ($
      1000.00
      )
      <button>
        ðŸ›’
      </button>
    </li>
    <li>
      Keyboard
       ($
      50.00
      )
      <button>
        ðŸ›’
      </button>
    </li>
    <li>
      Mouse
       ($
      20.00
      )
      <button>
        ðŸ›’
      </button>
    </li>
    <li>
      Storage
       ($
      60.00
      )
      <button>
        ðŸ›’
      </button>
    </li>
  </ul>
</div>
`;

exports[`App component renders magnificent monkeys 1`] = `
<div>
  <div
    class="description"
  >
    <h1>
      SHOP
    </h1>
  </div>
  <ul>
    <li>
      Monitor
       ($
      1000.00
      )
      <button>
        ðŸ›’
      </button>
    </li>
    <li>
      Keyboard
       ($
      50.00
      )
      <button>
        ðŸ›’
      </button>
    </li>
    <li>
      Mouse
       ($
      20.00
      )
      <button>
        ðŸ›’
      </button>
    </li>
    <li>
      Storage
       ($
      60.00
      )
      <button>
        ðŸ›’
      </button>
    </li>
  </ul>
</div>
`;
